Copyright 1986-2022 Xilinx, Inc. All Rights Reserved. Copyright 2022-2025 Advanced Micro Devices, Inc. All Rights Reserved.
---------------------------------------------------------------------------------------------------------------------------------------------
| Tool Version : Vivado v.2025.1 (win64) Build 6140274 Thu May 22 00:12:29 MDT 2025
| Date         : Mon May  4 14:11:29 2026
| Host         : MikkelsLenovo running 64-bit major release  (build 9200)
| Command      : report_control_sets -verbose -file VendingMachine_control_sets_placed.rpt
| Design       : VendingMachine
| Device       : xc7a35t
---------------------------------------------------------------------------------------------------------------------------------------------

Control Set Information

Table of Contents
-----------------
1. Summary
2. Histogram
3. Flip-Flop Distribution
4. Detailed Control Set Information

1. Summary
----------

+----------------------------------------------------------+-------+
|                          Status                          | Count |
+----------------------------------------------------------+-------+
| Total control sets                                       |    14 |
|    Minimum number of control sets                        |    14 |
|    Addition due to synthesis replication                 |     0 |
|    Addition due to physical synthesis replication        |     0 |
| Unused register locations in slices containing registers |    34 |
+----------------------------------------------------------+-------+
* Control sets can be merged at opt_design using control_set_merge or merge_equivalent_drivers
** Run report_qor_suggestions for automated merging and remapping suggestions


2. Histogram
------------

+--------------------+-------+
|       Fanout       | Count |
+--------------------+-------+
| Total control sets |    14 |
| >= 0 to < 4        |     1 |
| >= 4 to < 6        |     1 |
| >= 6 to < 8        |     4 |
| >= 8 to < 10       |     2 |
| >= 10 to < 12      |     0 |
| >= 12 to < 14      |     0 |
| >= 14 to < 16      |     1 |
| >= 16              |     5 |
+--------------------+-------+
* Control sets can be remapped at either synth_design or opt_design


3. Flip-Flop Distribution
-------------------------

+--------------+-----------------------+------------------------+-----------------+--------------+
| Clock Enable | Synchronous Set/Reset | Asynchronous Set/Reset | Total Registers | Total Slices |
+--------------+-----------------------+------------------------+-----------------+--------------+
| No           | No                    | No                     |              23 |           11 |
| No           | No                    | Yes                    |               0 |            0 |
| No           | Yes                   | No                     |              95 |           31 |
| Yes          | No                    | No                     |               1 |            1 |
| Yes          | No                    | Yes                    |               0 |            0 |
| Yes          | Yes                   | No                     |              47 |           21 |
+--------------+-----------------------+------------------------+-----------------+--------------+


4. Detailed Control Set Information
-----------------------------------

+------------------+-----------------------------------------+----------------------------------+------------------+----------------+--------------+
|   Clock Signal   |              Enable Signal              |         Set/Reset Signal         | Slice Load Count | Bel Load Count | Bels / Slice |
+------------------+-----------------------------------------+----------------------------------+------------------+----------------+--------------+
|  clock_IBUF_BUFG | uart/tx/tx/cntReg[19]_i_1_n_0           |                                  |                1 |              1 |         1.00 |
|  clock_IBUF_BUFG | fsm/FSM_sequential_stateReg_reg[1]_0[0] | reset_IBUF                       |                2 |              5 |         2.50 |
|  clock_IBUF_BUFG | fsm/E[0]                                | reset_IBUF                       |                2 |              6 |         3.00 |
|  clock_IBUF_BUFG | fsm/totalMoney_reg[7]_0[0]              | reset_IBUF                       |                2 |              6 |         3.00 |
|  clock_IBUF_BUFG | uart/tx/buf_/E[0]                       | reset_IBUF                       |                5 |              7 |         1.40 |
|  clock_IBUF_BUFG | uart/tx/tx/cntReg[19]_i_1_n_0           | reset_IBUF                       |                3 |              7 |         2.33 |
|  clock_IBUF_BUFG | uart/tx/buf_/E[0]                       | uart/tx/buf_/soldEdge_REG_reg[0] |                2 |              8 |         4.00 |
|  clock_IBUF_BUFG | fsm/totalMoney_reg[7]_1[0]              | reset_IBUF                       |                5 |              8 |         1.60 |
|  clock_IBUF_BUFG |                                         | uart/tx/tx/cntReg[19]_i_1_n_0    |                5 |             14 |         2.80 |
|  clock_IBUF_BUFG |                                         | reset_IBUF                       |                8 |             16 |         2.00 |
|  clock_IBUF_BUFG |                                         | cntReg[0]_i_1__0_n_0             |                5 |             17 |         3.40 |
|  clock_IBUF_BUFG |                                         |                                  |               11 |             23 |         2.09 |
|  clock_IBUF_BUFG |                                         | rejectCounter[0]_i_1_n_0         |                6 |             23 |         3.83 |
|  clock_IBUF_BUFG |                                         | blinkCounter[0]_i_1_n_0          |                7 |             25 |         3.57 |
+------------------+-----------------------------------------+----------------------------------+------------------+----------------+--------------+


